// Vitest Snapshot v1

exports[`parses correctly 1`] = `
"
<h1>H1</h1>
<h2>H2</h2>
<h3>H3</h3>
<h4>H4</h4>
<h5>H5</h5>
<h6>H6</h6>
this text should not interfere with the above<br />
<br />
<h1>Alt-H1</h1>
<h2>Alt-H2</h2>
this text should not interfere with the above<br />
<br />
<b>Bold</b> <i>Italic</i> <strike>Strikethrough</strike><br />
<br />
<a href='https://google.com'>https://google.com</a>  <a href='https://google.com' title='title'>https://google.com</a><br />
<br />
<img alt='Image' src='https://google.com' />  <img href='https://google.com' title='title'>https://google.com</img>
<br />
<img src=\\"https://google.com\\" alt=\\"alt\\" title=\\"title\\" />
<br />
<div>
<p>
Most html is left alone, so long as lines end with a tag or '$'.&npsp;
Otherwise, the parser will inject <br/>s.
</p>
</div>
<br />
Puting a $ at the end of the line prevents a <br/> from being added
<br />
<a href='mailto:email@email.com'>email@email.com</a> notemail@emailcom <a href='mailto:email@email.com'>email@email.com</a><br />
<hr/>
<hr/>
<hr/>
<hr/>
this text should not interfere with the above<br />
<br />
<blockquote>Blockquote</blockquote>
<br />
<pre><code style=\\"padding-top:0\\">
// unknown
multi
\`line\`
generic code
</code></pre>
<br />
<pre><code class=\\"language-bash\\" style=\\"padding-top:0\\">
# bash
multi
\`line\`
bash code
</code></pre>
<br />
Here is <code>Inline Code</code>.<br />
<br />
Reference links <a href=\\"/link1\\">link1-text</a> <a href=\\"/link2\\" title='title2'>link2-text</a> <a href=\\"/link3\\" title=\\"title3\\">link3-text</a><br /><br />
<ul>
<li>li1</li>
<li>li2</li>
<li>li3</li>
</ul>
<br />
<ol>
<li>li4</li>
<li>li5</li>
<li>li6</li>
</ol>
<br />
&lt;script&gt;This script tag is HTML encoded for security&lt;/script&gt;<br />
&lt;style&gt;This style tag is HTML encoded for security&lt;/style&gt;<br />
"
`;
